[colorlib.com/preview/theme/cozastore/index.html]
[backblue.gif]
[fade.gif]
[index.html]
[colorlib.com/preview/theme/cozastore/images/icons/favicon.png]
[colorlib.com/preview/theme/cozastore/vendor/bootstrap/css/bootstrap.min.css]
[colorlib.com/preview/theme/cozastore/fonts/font-awesome-4.7.0/css/font-awesome.min.css]
[colorlib.com/preview/theme/cozastore/fonts/iconic/css/material-design-iconic-font.min.css]
[colorlib.com/preview/theme/cozastore/fonts/linearicons-v1.0.0/icon-font.min.css]
[colorlib.com/preview/theme/cozastore/vendor/animate/animate.css]
[colorlib.com/preview/theme/cozastore/vendor/css-hamburgers/hamburgers.min.css]
[colorlib.com/preview/theme/cozastore/vendor/animsition/css/animsition.min.css]
[colorlib.com/preview/theme/cozastore/vendor/select2/select2.min.css]
[colorlib.com/preview/theme/cozastore/vendor/daterangepicker/daterangepicker.css]
[colorlib.com/preview/theme/cozastore/vendor/slick/slick.css]
[colorlib.com/preview/theme/cozastore/vendor/MagnificPopup/magnific-popup.css]
[colorlib.com/preview/theme/cozastore/vendor/perfect-scrollbar/perfect-scrollbar.css]
[colorlib.com/preview/theme/cozastore/css/util.css]
[colorlib.com/preview/theme/cozastore/css/main.css]
[colorlib.com/preview/theme/cozastore/images/icons/logo-01.png]
[colorlib.com/preview/theme/cozastore/index-2.html]
[colorlib.com/preview/theme/cozastore/home-02.html]
[colorlib.com/preview/theme/cozastore/home-03.html]
[colorlib.com/preview/theme/cozastore/product.html]
[colorlib.com/preview/theme/cozastore/shoping-cart.html]
[colorlib.com/preview/theme/cozastore/blog.html]
[colorlib.com/preview/theme/cozastore/about.html]
[colorlib.com/preview/theme/cozastore/contact.html]
[colorlib.com/preview/theme/cozastore/images/icons/icon-close2.png]
[colorlib.com/preview/theme/cozastore/images/item-cart-01.jpg]
[colorlib.com/preview/theme/cozastore/images/item-cart-02.jpg]
[colorlib.com/preview/theme/cozastore/images/item-cart-03.jpg]
[colorlib.com/preview/theme/cozastore/images/slide-01.jpg]
[colorlib.com/preview/theme/cozastore/images/slide-02.jpg]
[colorlib.com/preview/theme/cozastore/images/slide-03.jpg]
[colorlib.com/preview/theme/cozastore/images/banner-01.jpg]
[colorlib.com/preview/theme/cozastore/images/banner-02.jpg]
[colorlib.com/preview/theme/cozastore/images/banner-03.jpg]
[colorlib.com/preview/theme/cozastore/images/product-01.jpg]
[colorlib.com/preview/theme/cozastore/product-detail.html]
[colorlib.com/preview/theme/cozastore/images/icons/icon-heart-01.png]
[colorlib.com/preview/theme/cozastore/images/icons/icon-heart-02.png]
[colorlib.com/preview/theme/cozastore/images/product-02.jpg]
[colorlib.com/preview/theme/cozastore/images/product-03.jpg]
[colorlib.com/preview/theme/cozastore/images/product-04.jpg]
[colorlib.com/preview/theme/cozastore/images/product-05.jpg]
[colorlib.com/preview/theme/cozastore/images/product-06.jpg]
[colorlib.com/preview/theme/cozastore/images/product-07.jpg]
[colorlib.com/preview/theme/cozastore/images/product-08.jpg]
[colorlib.com/preview/theme/cozastore/images/product-09.jpg]
[colorlib.com/preview/theme/cozastore/images/product-10.jpg]
[colorlib.com/preview/theme/cozastore/images/product-11.jpg]
[colorlib.com/preview/theme/cozastore/images/product-12.jpg]
[colorlib.com/preview/theme/cozastore/images/product-13.jpg]
[colorlib.com/preview/theme/cozastore/images/product-14.jpg]
[colorlib.com/preview/theme/cozastore/images/product-15.jpg]
[colorlib.com/preview/theme/cozastore/images/product-16.jpg]
[colorlib.com/preview/theme/cozastore/images/icons/icon-pay-01.png]
[colorlib.com/preview/theme/cozastore/images/icons/icon-pay-02.png]
[colorlib.com/preview/theme/cozastore/images/icons/icon-pay-03.png]
[colorlib.com/preview/theme/cozastore/images/icons/icon-pay-04.png]
[colorlib.com/preview/theme/cozastore/images/icons/icon-pay-05.png]
[colorlib.com/preview/theme/cozastore/images/icons/icon-close.png]
[colorlib.com/preview/theme/cozastore/images/product-detail-01.jpg]
[colorlib.com/preview/theme/cozastore/images/product-detail-02.jpg]
[colorlib.com/preview/theme/cozastore/images/product-detail-03.jpg]
[colorlib.com/preview/theme/cozastore/vendor/jquery/jquery-3.2.1.min.js]
[colorlib.com/preview/theme/cozastore/vendor/animsition/js/animsition.min.js]
[colorlib.com/preview/theme/cozastore/vendor/bootstrap/js/popper.js]
[colorlib.com/preview/theme/cozastore/vendor/bootstrap/js/bootstrap.min.js]
[colorlib.com/preview/theme/cozastore/vendor/select2/select2.min.js]
[colorlib.com/preview/theme/cozastore/vendor/daterangepicker/moment.min.js]
[colorlib.com/preview/theme/cozastore/vendor/daterangepicker/daterangepicker.js]
[colorlib.com/preview/theme/cozastore/vendor/slick/slick.min.js]
[colorlib.com/preview/theme/cozastore/js/slick-custom.js]
[colorlib.com/preview/theme/cozastore/vendor/parallax100/parallax100.js]
[colorlib.com/preview/theme/cozastore/vendor/MagnificPopup/jquery.magnific-popup.min.js]
[colorlib.com/preview/theme/cozastore/vendor/isotope/isotope.pkgd.min.js]
[colorlib.com/preview/theme/cozastore/vendor/sweetalert/sweetalert.min.js]
[colorlib.com/preview/theme/cozastore/vendor/perfect-scrollbar/perfect-scrollbar.min.js]
[colorlib.com/preview/theme/cozastore/js/main.js]
[colorlib.com/preview/theme/cozastore/index.html]
[colorlib.com/preview/theme/cozastore/vendor/bootstrap/css/bootstrap.min.css]
[ajax.cloudflare.com/cdn-cgi/scripts/7089c43e/cloudflare-static/rocket-loader.min.js]
[colorlib.com/preview/theme/cozastore/fonts/font-awesome-4.7.0/fonts/fontawesome-webfont3e6e.eot]
[colorlib.com/preview/theme/cozastore/fonts/font-awesome-4.7.0/fonts/fontawesome-webfontd41d.eot]
[colorlib.com/preview/theme/cozastore/fonts/font-awesome-4.7.0/fonts/fontawesome-webfont3e6e.woff2]
[colorlib.com/preview/theme/cozastore/fonts/font-awesome-4.7.0/fonts/fontawesome-webfont3e6e.woff]
[colorlib.com/preview/theme/cozastore/fonts/font-awesome-4.7.0/fonts/fontawesome-webfont3e6e.ttf]
[colorlib.com/preview/theme/cozastore/fonts/font-awesome-4.7.0/css/font-awesome.min.css]
[colorlib.com/preview/theme/cozastore/fonts/font-awesome-4.7.0/fonts/fontawesome-webfont3e6e.svg]
[colorlib.com/preview/theme/cozastore/fonts/iconic/fonts/Material-Design-Iconic-Fontd1f1.woff2]
[colorlib.com/preview/theme/cozastore/fonts/iconic/fonts/Material-Design-Iconic-Fontd1f1.woff]
[colorlib.com/preview/theme/cozastore/fonts/iconic/css/material-design-iconic-font.min.css]
[colorlib.com/preview/theme/cozastore/fonts/linearicons-v1.0.0/icon-font.min.css]
[colorlib.com/preview/theme/cozastore/vendor/animate/animate.css]
[colorlib.com/preview/theme/cozastore/vendor/css-hamburgers/hamburgers.min.css]
[colorlib.com/preview/theme/cozastore/vendor/animsition/css/animsition.min.css]
[colorlib.com/preview/theme/cozastore/vendor/select2/select2.min.css]
[colorlib.com/preview/theme/cozastore/vendor/daterangepicker/daterangepicker.css]
[colorlib.com/preview/theme/cozastore/vendor/slick/slick.css]
[colorlib.com/preview/theme/cozastore/vendor/MagnificPopup/magnific-popup.css]
[colorlib.com/preview/theme/cozastore/vendor/perfect-scrollbar/perfect-scrollbar.css]
[colorlib.com/preview/theme/cozastore/css/util.css]
[colorlib.com/preview/theme/cozastore/fonts/iconic/fonts/Material-Design-Iconic-Fontd1f1.ttf]
[colorlib.com/preview/theme/cozastore/fonts/Poppins/Poppins-Regular.ttf]
[colorlib.com/preview/theme/cozastore/fonts/Poppins/Poppins-Light.ttf]
[colorlib.com/preview/theme/cozastore/fonts/Poppins/Poppins-ExtraLight.ttf]
[colorlib.com/preview/theme/cozastore/fonts/Poppins/Poppins-Medium.ttf]
[colorlib.com/preview/theme/cozastore/fonts/Poppins/Poppins-Italic.ttf]
[colorlib.com/preview/theme/cozastore/fonts/Poppins/Poppins-Bold.ttf]
[colorlib.com/preview/theme/cozastore/fonts/Poppins/Poppins-SemiBold.ttf]
[colorlib.com/preview/theme/cozastore/fonts/PlayfairDisplay/PlayfairDisplay-Regular.ttf]
[colorlib.com/preview/theme/cozastore/fonts/PlayfairDisplay/PlayfairDisplay-Bold.ttf]
[colorlib.com/preview/theme/cozastore/fonts/Montserrat/Montserrat-Regular.ttf]
[colorlib.com/preview/theme/cozastore/fonts/Montserrat/Montserrat-Bold.ttf]
[colorlib.com/preview/theme/cozastore/images/icons/icon-next.png]
[colorlib.com/preview/theme/cozastore/images/icons/icon-prev.png]
[colorlib.com/preview/theme/cozastore/css/main.css]
[colorlib.com/preview/theme/cozastore/index-2.html]
[colorlib.com/preview/theme/cozastore/images/gallery-01.jpg]
[colorlib.com/preview/theme/cozastore/images/gallery-02.jpg]
[colorlib.com/preview/theme/cozastore/images/gallery-03.jpg]
[colorlib.com/preview/theme/cozastore/images/gallery-04.jpg]
[colorlib.com/preview/theme/cozastore/images/gallery-05.jpg]
[colorlib.com/preview/theme/cozastore/images/gallery-06.jpg]
[colorlib.com/preview/theme/cozastore/images/gallery-07.jpg]
[colorlib.com/preview/theme/cozastore/images/gallery-08.jpg]
[colorlib.com/preview/theme/cozastore/images/gallery-09.jpg]
[colorlib.com/preview/theme/cozastore/images/slide-04.jpg]
[colorlib.com/preview/theme/cozastore/images/banner-04.jpg]
[colorlib.com/preview/theme/cozastore/images/banner-05.jpg]
[colorlib.com/preview/theme/cozastore/images/banner-06.jpg]
[colorlib.com/preview/theme/cozastore/blog-detail.html]
[colorlib.com/preview/theme/cozastore/images/blog-01.jpg]
[colorlib.com/preview/theme/cozastore/images/blog-02.jpg]
[colorlib.com/preview/theme/cozastore/images/blog-03.jpg]
[colorlib.com/preview/theme/cozastore/home-02.html]
[colorlib.com/preview/theme/cozastore/images/icons/logo-02.png]
[colorlib.com/preview/theme/cozastore/images/slide-05.jpg]
[colorlib.com/preview/theme/cozastore/images/slide-06.jpg]
[colorlib.com/preview/theme/cozastore/images/slide-07.jpg]
[colorlib.com/preview/theme/cozastore/images/banner-07.jpg]
[colorlib.com/preview/theme/cozastore/images/banner-08.jpg]
[colorlib.com/preview/theme/cozastore/images/banner-09.jpg]
[colorlib.com/preview/theme/cozastore/home-03.html]
[colorlib.com/preview/theme/cozastore/product.html]
[colorlib.com/preview/theme/cozastore/images/item-cart-04.jpg]
[colorlib.com/preview/theme/cozastore/images/item-cart-05.jpg]
[colorlib.com/preview/theme/cozastore/shoping-cart.html]
[colorlib.com/preview/theme/cozastore/images/bg-02.jpg]
[colorlib.com/preview/theme/cozastore/images/blog-04.jpg]
[colorlib.com/preview/theme/cozastore/images/blog-05.jpg]
[colorlib.com/preview/theme/cozastore/images/blog-06.jpg]
[colorlib.com/preview/theme/cozastore/images/product-min-01.jpg]
[colorlib.com/preview/theme/cozastore/images/product-min-02.jpg]
[colorlib.com/preview/theme/cozastore/images/product-min-03.jpg]
[colorlib.com/preview/theme/cozastore/blog.html]
[colorlib.com/preview/theme/cozastore/images/bg-01.jpg]
[colorlib.com/preview/theme/cozastore/images/about-01.jpg]
[colorlib.com/preview/theme/cozastore/images/about-02.jpg]
[colorlib.com/preview/theme/cozastore/about.html]
[colorlib.com/preview/theme/cozastore/images/icons/icon-email.png]
[colorlib.com/cdn-cgi/scripts/5c5dd728/cloudflare-static/email-decode.min.js]
[colorlib.com/preview/theme/cozastore/contact.html]
[colorlib.com/preview/theme/cozastore/js/map-custom.js]
[colorlib.com/preview/theme/cozastore/images/avatar-01.jpg]
[colorlib.com/preview/theme/cozastore/product-detail.html]
[colorlib.com/preview/theme/cozastore/fonts/font-awesome-4.7.0/fonts/fontawesome-webfont3e6e.svg]
[colorlib.com/preview/theme/cozastore/blog-detail.html]
